2025-05-20 22:54:24,240 ERROR frappe Could not take error snapshot: (2003, "Can't connect to MySQL server on '127.0.0.1' ([Errno 111] Connection refused)")
Site: HRPU.localhost
Form Dict: {}
Traceback (most recent call last):
  File "/home/macro/Frappe/frappe-bench/env/lib/python3.10/site-packages/pymysql/connections.py", line 649, in connect
    sock = socket.create_connection(
  File "/usr/lib/python3.10/socket.py", line 857, in create_connection
    raise err
  File "/usr/lib/python3.10/socket.py", line 845, in create_connection
    sock.connect(sa)
ConnectionRefusedError: [Errno 111] Connection refused

During handling of the above exception, another exception occurred:

Traceback (most recent call last):
  File "/home/macro/Frappe/frappe-bench/apps/frappe/frappe/website/serve.py", line 19, in get_response
    endpoint, renderer_instance = path_resolver.resolve()
  File "/home/macro/Frappe/frappe-bench/apps/frappe/frappe/website/path_resolver.py", line 38, in resolve
    resolve_redirect(self.path, request.query_string)
  File "/home/macro/Frappe/frappe-bench/apps/frappe/frappe/website/path_resolver.py", line 118, in resolve_redirect
    redirects += frappe.get_all(
  File "/home/macro/Frappe/frappe-bench/apps/frappe/frappe/__init__.py", line 2015, in get_all
    return get_list(doctype, *args, **kwargs)
  File "/home/macro/Frappe/frappe-bench/apps/frappe/frappe/__init__.py", line 1990, in get_list
    return frappe.model.db_query.DatabaseQuery(doctype).execute(*args, **kwargs)
  File "/home/macro/Frappe/frappe-bench/apps/frappe/frappe/model/db_query.py", line 192, in execute
    result = self.build_and_run()
  File "/home/macro/Frappe/frappe-bench/apps/frappe/frappe/model/db_query.py", line 233, in build_and_run
    return frappe.db.sql(
  File "/home/macro/Frappe/frappe-bench/apps/frappe/frappe/database/database.py", line 207, in sql
    self.connect()
  File "/home/macro/Frappe/frappe-bench/apps/frappe/frappe/database/database.py", line 112, in connect
    self._conn: "MariadbConnection" | "PostgresConnection" = self.get_connection()
  File "/home/macro/Frappe/frappe-bench/apps/frappe/frappe/database/mariadb/database.py", line 107, in get_connection
    conn = self._get_connection()
  File "/home/macro/Frappe/frappe-bench/apps/frappe/frappe/database/mariadb/database.py", line 113, in _get_connection
    return self.create_connection()
  File "/home/macro/Frappe/frappe-bench/apps/frappe/frappe/database/mariadb/database.py", line 116, in create_connection
    return pymysql.connect(**self.get_connection_settings())
  File "/home/macro/Frappe/frappe-bench/env/lib/python3.10/site-packages/pymysql/connections.py", line 361, in __init__
    self.connect()
  File "/home/macro/Frappe/frappe-bench/env/lib/python3.10/site-packages/pymysql/connections.py", line 716, in connect
    raise exc
pymysql.err.OperationalError: (2003, "Can't connect to MySQL server on '127.0.0.1' ([Errno 111] Connection refused)")

During handling of the above exception, another exception occurred:

Traceback (most recent call last):
  File "/home/macro/Frappe/frappe-bench/env/lib/python3.10/site-packages/pymysql/connections.py", line 649, in connect
    sock = socket.create_connection(
  File "/usr/lib/python3.10/socket.py", line 857, in create_connection
    raise err
  File "/usr/lib/python3.10/socket.py", line 845, in create_connection
    sock.connect(sa)
ConnectionRefusedError: [Errno 111] Connection refused

During handling of the above exception, another exception occurred:

Traceback (most recent call last):
  File "/home/macro/Frappe/frappe-bench/apps/frappe/frappe/app.py", line 124, in application
    response = get_response()
  File "/home/macro/Frappe/frappe-bench/apps/frappe/frappe/website/serve.py", line 28, in get_response
    response = ErrorPage(exception=e).render()
  File "/home/macro/Frappe/frappe-bench/apps/frappe/frappe/website/page_renderers/template_page.py", line 84, in render
    html = self.get_html()
  File "/home/macro/Frappe/frappe-bench/apps/frappe/frappe/website/utils.py", line 531, in cache_html_decorator
    html = func(*args, **kwargs)
  File "/home/macro/Frappe/frappe-bench/apps/frappe/frappe/website/page_renderers/template_page.py", line 92, in get_html
    self.init_context()
  File "/home/macro/Frappe/frappe-bench/apps/frappe/frappe/website/page_renderers/error_page.py", line 14, in init_context
    super().init_context()
  File "/home/macro/Frappe/frappe-bench/apps/frappe/frappe/website/page_renderers/base_template_page.py", line 15, in init_context
    self.context.update(get_website_settings())
  File "/home/macro/Frappe/frappe-bench/apps/frappe/frappe/website/doctype/website_settings/website_settings.py", line 263, in get_website_settings
    context.boot = get_boot_data()
  File "/home/macro/Frappe/frappe-bench/apps/frappe/frappe/website/utils.py", line 169, in get_boot_data
    apps = get_apps() or []
  File "/home/macro/Frappe/frappe-bench/apps/frappe/frappe/utils/typing_validations.py", line 31, in wrapper
    return func(*args, **kwargs)
  File "/home/macro/Frappe/frappe-bench/apps/frappe/frappe/apps.py", line 15, in get_apps
    allowed_workspaces = get_workspace_sidebar_items().get("pages")
  File "/home/macro/Frappe/frappe-bench/apps/frappe/frappe/utils/typing_validations.py", line 31, in wrapper
    return func(*args, **kwargs)
  File "/home/macro/Frappe/frappe-bench/apps/frappe/frappe/desk/desktop.py", line 451, in get_workspace_sidebar_items
    all_pages = frappe.get_all(
  File "/home/macro/Frappe/frappe-bench/apps/frappe/frappe/__init__.py", line 2015, in get_all
    return get_list(doctype, *args, **kwargs)
  File "/home/macro/Frappe/frappe-bench/apps/frappe/frappe/__init__.py", line 1990, in get_list
    return frappe.model.db_query.DatabaseQuery(doctype).execute(*args, **kwargs)
  File "/home/macro/Frappe/frappe-bench/apps/frappe/frappe/model/db_query.py", line 192, in execute
    result = self.build_and_run()
  File "/home/macro/Frappe/frappe-bench/apps/frappe/frappe/model/db_query.py", line 233, in build_and_run
    return frappe.db.sql(
  File "/home/macro/Frappe/frappe-bench/apps/frappe/frappe/database/database.py", line 207, in sql
    self.connect()
  File "/home/macro/Frappe/frappe-bench/apps/frappe/frappe/database/database.py", line 112, in connect
    self._conn: "MariadbConnection" | "PostgresConnection" = self.get_connection()
  File "/home/macro/Frappe/frappe-bench/apps/frappe/frappe/database/mariadb/database.py", line 107, in get_connection
    conn = self._get_connection()
  File "/home/macro/Frappe/frappe-bench/apps/frappe/frappe/database/mariadb/database.py", line 113, in _get_connection
    return self.create_connection()
  File "/home/macro/Frappe/frappe-bench/apps/frappe/frappe/database/mariadb/database.py", line 116, in create_connection
    return pymysql.connect(**self.get_connection_settings())
  File "/home/macro/Frappe/frappe-bench/env/lib/python3.10/site-packages/pymysql/connections.py", line 361, in __init__
    self.connect()
  File "/home/macro/Frappe/frappe-bench/env/lib/python3.10/site-packages/pymysql/connections.py", line 716, in connect
    raise exc
pymysql.err.OperationalError: (2003, "Can't connect to MySQL server on '127.0.0.1' ([Errno 111] Connection refused)")

During handling of the above exception, another exception occurred:

Traceback (most recent call last):
  File "/home/macro/Frappe/frappe-bench/env/lib/python3.10/site-packages/pymysql/connections.py", line 649, in connect
    sock = socket.create_connection(
  File "/usr/lib/python3.10/socket.py", line 857, in create_connection
    raise err
  File "/usr/lib/python3.10/socket.py", line 845, in create_connection
    sock.connect(sa)
ConnectionRefusedError: [Errno 111] Connection refused

During handling of the above exception, another exception occurred:

Traceback (most recent call last):
  File "/home/macro/Frappe/frappe-bench/apps/frappe/frappe/utils/error.py", line 86, in log_error_snapshot
    log_error(title=str(exception), defer_insert=True)
  File "/home/macro/Frappe/frappe-bench/apps/frappe/frappe/utils/error.py", line 61, in log_error
    error_log = frappe.get_doc(
  File "/home/macro/Frappe/frappe-bench/apps/frappe/frappe/__init__.py", line 1291, in get_doc
    doc = frappe.model.document.get_doc(*args, **kwargs)
  File "/home/macro/Frappe/frappe-bench/apps/frappe/frappe/model/document.py", line 83, in get_doc
    controller = get_controller(doctype)
  File "/home/macro/Frappe/frappe-bench/apps/frappe/frappe/model/base_document.py", line 67, in get_controller
    return import_controller(doctype)
  File "/home/macro/Frappe/frappe-bench/apps/frappe/frappe/model/base_document.py", line 82, in import_controller
    doctype_info = frappe.db.get_value("DocType", doctype, fieldname="*")
  File "/home/macro/Frappe/frappe-bench/apps/frappe/frappe/database/database.py", line 515, in get_value
    result = self.get_values(
  File "/home/macro/Frappe/frappe-bench/apps/frappe/frappe/database/database.py", line 619, in get_values
    out = self._get_values_from_table(
  File "/home/macro/Frappe/frappe-bench/apps/frappe/frappe/database/database.py", line 892, in _get_values_from_table
    return query.run(as_dict=as_dict, debug=debug, update=update, run=run, pluck=pluck)
  File "/home/macro/Frappe/frappe-bench/apps/frappe/frappe/query_builder/utils.py", line 87, in execute_query
    result = frappe.db.sql(query, params, *args, **kwargs)  # nosemgrep
  File "/home/macro/Frappe/frappe-bench/apps/frappe/frappe/database/database.py", line 207, in sql
    self.connect()
  File "/home/macro/Frappe/frappe-bench/apps/frappe/frappe/database/database.py", line 112, in connect
    self._conn: "MariadbConnection" | "PostgresConnection" = self.get_connection()
  File "/home/macro/Frappe/frappe-bench/apps/frappe/frappe/database/mariadb/database.py", line 107, in get_connection
    conn = self._get_connection()
  File "/home/macro/Frappe/frappe-bench/apps/frappe/frappe/database/mariadb/database.py", line 113, in _get_connection
    return self.create_connection()
  File "/home/macro/Frappe/frappe-bench/apps/frappe/frappe/database/mariadb/database.py", line 116, in create_connection
    return pymysql.connect(**self.get_connection_settings())
  File "/home/macro/Frappe/frappe-bench/env/lib/python3.10/site-packages/pymysql/connections.py", line 361, in __init__
    self.connect()
  File "/home/macro/Frappe/frappe-bench/env/lib/python3.10/site-packages/pymysql/connections.py", line 716, in connect
    raise exc
pymysql.err.OperationalError: (2003, "Can't connect to MySQL server on '127.0.0.1' ([Errno 111] Connection refused)")
2025-06-15 22:49:13,730 ERROR frappe New Exception collected in error log
Site: HRPU.localhost
Form Dict: {'report_name': 'Monthly Attendance Sheet', 'filters': '{"month":"3","year":"2025","company":"Al-Saeeda-University","group_by":"Branch"}', 'ignore_prepared_report': 'false', 'are_default_filters': 'false', 'cmd': 'frappe.desk.query_report.run'}
2025-06-16 02:21:20,099 ERROR frappe New Exception collected in error log
Site: HRPU.localhost
Form Dict: {'report_name': 'Salary Register', 'filters': '{"from_date":"2025-04-01","to_date":"2025-05-01","currency":"YER","employee":"HR-EMP-00001","company":"Al-Saeeda-University","docstatus":"Submitted"}', 'ignore_prepared_report': 'false', 'are_default_filters': 'false', 'cmd': 'frappe.desk.query_report.run'}
2025-06-16 02:33:31,468 ERROR frappe New Exception collected in error log
Site: HRPU.localhost
Form Dict: {'report_name': 'attendance_and_department_report', 'filters': '{}', 'ignore_prepared_report': 'false', 'are_default_filters': 'true', 'cmd': 'frappe.desk.query_report.run'}
2025-06-16 02:34:42,647 ERROR frappe New Exception collected in error log
Site: HRPU.localhost
Form Dict: {'report_name': 'attendance_and_department_report', 'filters': '{}', 'ignore_prepared_report': 'false', 'are_default_filters': 'true', 'cmd': 'frappe.desk.query_report.run'}
2025-06-16 02:35:35,392 ERROR frappe New Exception collected in error log
Site: HRPU.localhost
Form Dict: {'report_name': 'attendance_and_department_report', 'filters': '{}', 'ignore_prepared_report': 'false', 'are_default_filters': 'true', 'cmd': 'frappe.desk.query_report.run'}
2025-06-16 02:37:03,911 ERROR frappe New Exception collected in error log
Site: HRPU.localhost
Form Dict: {'report_name': 'attendance_and_department_report', 'filters': '{}', 'ignore_prepared_report': 'false', 'are_default_filters': 'true', 'cmd': 'frappe.desk.query_report.run'}
2025-06-16 02:37:19,995 ERROR frappe New Exception collected in error log
Site: HRPU.localhost
Form Dict: {'report_name': 'attendance_and_department_report', 'filters': '{}', 'ignore_prepared_report': 'false', 'are_default_filters': 'true', 'cmd': 'frappe.desk.query_report.run'}
2025-06-16 21:00:07,567 ERROR frappe New Exception collected in error log
Site: HRPU.localhost
Form Dict: {'report_name': 'department_and_employee', 'filters': '{}', 'ignore_prepared_report': 'false', 'are_default_filters': 'true', 'cmd': 'frappe.desk.query_report.run'}
2025-06-16 21:30:25,230 ERROR frappe New Exception collected in error log
Site: HRPU.localhost
Form Dict: {'report_name': 'attendance_and_department_report', 'filters': '{}', 'ignore_prepared_report': 'false', 'are_default_filters': 'true', 'cmd': 'frappe.desk.query_report.run'}
2025-06-16 21:30:25,376 ERROR frappe New Exception collected in error log
Site: HRPU.localhost
Form Dict: {'report_name': 'attendance_and_department_report', 'filters': '{"department":"الطب - A"}', 'ignore_prepared_report': 'false', 'are_default_filters': 'false', 'cmd': 'frappe.desk.query_report.run'}
2025-06-16 21:33:58,506 ERROR frappe New Exception collected in error log
Site: HRPU.localhost
Form Dict: {'report_name': 'department_and_employee', 'filters': '{}', 'ignore_prepared_report': 'false', 'are_default_filters': 'true', 'cmd': 'frappe.desk.query_report.run'}
2025-06-16 21:34:06,020 ERROR frappe New Exception collected in error log
Site: HRPU.localhost
Form Dict: {'report_name': 'department_and_employee', 'filters': '{}', 'ignore_prepared_report': 'false', 'are_default_filters': 'true', 'cmd': 'frappe.desk.query_report.run'}
2025-06-17 00:34:18,344 ERROR frappe New Exception collected in error log
Site: HRPU.localhost
Form Dict: {'with_parent': '1', 'cached_timestamp': '', 'cmd': 'frappe.desk.form.load.getdoctype'}
2025-06-17 00:35:15,322 ERROR frappe New Exception collected in error log
Site: HRPU.localhost
Form Dict: {'with_parent': '1', 'cached_timestamp': '', 'cmd': 'frappe.desk.form.load.getdoctype'}
2025-06-17 00:36:27,289 ERROR frappe New Exception collected in error log
Site: HRPU.localhost
Form Dict: {'with_parent': '1', 'cached_timestamp': '', 'cmd': 'frappe.desk.form.load.getdoctype'}
2025-06-17 00:37:25,004 ERROR frappe New Exception collected in error log
Site: HRPU.localhost
Form Dict: {'with_parent': '1', 'cached_timestamp': '', 'cmd': 'frappe.desk.form.load.getdoctype'}
2025-06-17 00:40:23,958 ERROR frappe New Exception collected in error log
Site: HRPU.localhost
Form Dict: {'with_parent': '1', 'cached_timestamp': '', 'cmd': 'frappe.desk.form.load.getdoctype'}
2025-06-17 00:40:51,337 ERROR frappe New Exception collected in error log
Site: HRPU.localhost
Form Dict: {'with_parent': '1', 'cached_timestamp': '', 'cmd': 'frappe.desk.form.load.getdoctype'}
2025-06-17 04:56:01,197 ERROR frappe New Exception collected in error log
Site: HRPU.localhost
Form Dict: {'report_name': 'Department And Employees  Report', 'filters': '{"company":"Al-Saeeda-University","parameter":"Branch"}', 'ignore_prepared_report': 'false', 'are_default_filters': 'false', 'cmd': 'frappe.desk.query_report.run'}
2025-06-18 18:49:19,700 ERROR frappe New Exception collected in error log
Site: HRPU.localhost
Form Dict: {'report_name': 'Department And Employees  Report', 'filters': '{}', 'ignore_prepared_report': 'false', 'are_default_filters': 'true', 'cmd': 'frappe.desk.query_report.run'}
2025-06-18 18:49:19,720 ERROR frappe New Exception collected in error log
Site: HRPU.localhost
Form Dict: {'report_name': 'Department And Employees  Report', 'filters': '{}', 'ignore_prepared_report': 'false', 'are_default_filters': 'true', 'cmd': 'frappe.desk.query_report.run'}
2025-06-18 19:11:44,354 ERROR frappe New Exception collected in error log
Site: HRPU.localhost
Form Dict: {'report_name': 'Department And Employees  Report', 'filters': '{}', 'ignore_prepared_report': 'false', 'are_default_filters': 'true', 'cmd': 'frappe.desk.query_report.run'}
2025-06-18 20:04:24,071 ERROR frappe New Exception collected in error log
Site: HRPU.localhost
Form Dict: {'report_name': 'Department And Employees  Report', 'filters': '{}', 'ignore_prepared_report': 'false', 'are_default_filters': 'true', 'cmd': 'frappe.desk.query_report.run'}
2025-06-18 20:14:10,445 ERROR frappe New Exception collected in error log
Site: HRPU.localhost
Form Dict: {'report_name': 'Department And Employees  Report', 'filters': '{}', 'ignore_prepared_report': 'false', 'are_default_filters': 'true', 'cmd': 'frappe.desk.query_report.run'}
2025-06-18 20:15:56,338 ERROR frappe New Exception collected in error log
Site: HRPU.localhost
Form Dict: {'report_name': 'Department And Employees  Report', 'filters': '{}', 'ignore_prepared_report': 'false', 'are_default_filters': 'true', 'cmd': 'frappe.desk.query_report.run'}
2025-06-18 20:19:12,445 ERROR frappe New Exception collected in error log
Site: HRPU.localhost
Form Dict: {'report_name': 'Department And Employees  Report', 'filters': '{}', 'ignore_prepared_report': 'false', 'are_default_filters': 'true', 'cmd': 'frappe.desk.query_report.run'}
2025-06-18 20:22:17,028 ERROR frappe New Exception collected in error log
Site: HRPU.localhost
Form Dict: {'report_name': 'Department And Employees  Report', 'filters': '{}', 'ignore_prepared_report': 'false', 'are_default_filters': 'true', 'cmd': 'frappe.desk.query_report.run'}
2025-06-18 20:23:33,844 ERROR frappe New Exception collected in error log
Site: HRPU.localhost
Form Dict: {'report_name': 'Department And Employees  Report', 'filters': '{}', 'ignore_prepared_report': 'false', 'are_default_filters': 'true', 'cmd': 'frappe.desk.query_report.run'}
2025-06-18 20:24:15,466 ERROR frappe New Exception collected in error log
Site: HRPU.localhost
Form Dict: {'report_name': 'Department And Employees  Report', 'filters': '{}', 'ignore_prepared_report': 'false', 'are_default_filters': 'true', 'cmd': 'frappe.desk.query_report.run'}
2025-06-18 20:30:54,507 ERROR frappe New Exception collected in error log
Site: HRPU.localhost
Form Dict: {'report_name': 'Department And Employees  Report', 'filters': '{}', 'ignore_prepared_report': 'false', 'are_default_filters': 'true', 'cmd': 'frappe.desk.query_report.run'}
2025-06-18 20:37:11,372 ERROR frappe New Exception collected in error log
Site: HRPU.localhost
Form Dict: {'report_name': 'Department And Employees  Report', 'filters': '{}', 'ignore_prepared_report': 'false', 'are_default_filters': 'true', 'cmd': 'frappe.desk.query_report.run'}
2025-06-18 20:44:48,153 ERROR frappe New Exception collected in error log
Site: HRPU.localhost
Form Dict: {'report_name': 'Department And Employees  Report', 'filters': '{"group_by":"Designation"}', 'ignore_prepared_report': 'false', 'are_default_filters': 'false', 'cmd': 'frappe.desk.query_report.run'}
2025-06-18 20:44:58,856 ERROR frappe New Exception collected in error log
Site: HRPU.localhost
Form Dict: {'report_name': 'Department And Employees  Report', 'filters': '{"department":"الطب - A","group_by":"Designation"}', 'ignore_prepared_report': 'false', 'are_default_filters': 'false', 'cmd': 'frappe.desk.query_report.run'}
2025-06-18 20:47:10,045 ERROR frappe New Exception collected in error log
Site: HRPU.localhost
Form Dict: {'report_name': 'Department And Employees  Report', 'filters': '{}', 'ignore_prepared_report': 'false', 'are_default_filters': 'true', 'cmd': 'frappe.desk.query_report.run'}
2025-06-18 20:48:47,108 ERROR frappe New Exception collected in error log
Site: HRPU.localhost
Form Dict: {'report_name': 'Department And Employees  Report', 'filters': '{}', 'ignore_prepared_report': 'false', 'are_default_filters': 'true', 'cmd': 'frappe.desk.query_report.run'}
2025-06-18 20:58:49,107 ERROR frappe New Exception collected in error log
Site: HRPU.localhost
Form Dict: {'report_name': 'Department And Employees  Report', 'filters': '{}', 'ignore_prepared_report': 'false', 'are_default_filters': 'true', 'cmd': 'frappe.desk.query_report.run'}
2025-06-18 21:00:25,420 ERROR frappe New Exception collected in error log
Site: HRPU.localhost
Form Dict: {'report_name': 'Department And Employees  Report', 'filters': '{}', 'ignore_prepared_report': 'false', 'are_default_filters': 'true', 'cmd': 'frappe.desk.query_report.run'}
2025-06-18 21:02:09,039 ERROR frappe New Exception collected in error log
Site: HRPU.localhost
Form Dict: {'report_name': 'Department And Employees  Report', 'filters': '{}', 'ignore_prepared_report': 'false', 'are_default_filters': 'true', 'cmd': 'frappe.desk.query_report.run'}
2025-06-18 21:02:23,202 ERROR frappe New Exception collected in error log
Site: HRPU.localhost
Form Dict: {'report_name': 'Department And Employees  Report', 'filters': '{}', 'ignore_prepared_report': 'false', 'are_default_filters': 'true', 'cmd': 'frappe.desk.query_report.run'}
2025-06-18 21:02:35,961 ERROR frappe New Exception collected in error log
Site: HRPU.localhost
Form Dict: {'report_name': 'Department And Employees  Report', 'filters': '{}', 'ignore_prepared_report': 'false', 'are_default_filters': 'true', 'cmd': 'frappe.desk.query_report.run'}
2025-06-18 21:05:29,052 ERROR frappe New Exception collected in error log
Site: HRPU.localhost
Form Dict: {'report_name': 'Department And Employees  Report', 'filters': '{"group_by":"Branch"}', 'ignore_prepared_report': 'false', 'are_default_filters': 'false', 'cmd': 'frappe.desk.query_report.run'}
2025-06-18 21:05:29,201 ERROR frappe New Exception collected in error log
Site: HRPU.localhost
Form Dict: {'report_name': 'Department And Employees  Report', 'filters': '{"group_by":"Branch"}', 'ignore_prepared_report': 'false', 'are_default_filters': 'false', 'cmd': 'frappe.desk.query_report.run'}
2025-06-20 20:41:33,872 ERROR frappe New Exception collected in error log
Site: HRPU.localhost
Form Dict: {'doc': '{"docstatus":0,"doctype":"Employee","name":"new-employee-rnarmgcnpm","__islocal":1,"__unsaved":1,"owner":"Administrator","naming_series":"HR-EMP-","degree_level":"بكالوريوس","status":"Active","job_category":"اكاديمي","create_user_permission":1,"company":"Al-Saeeda-University","education_table":[],"experience_table":[],"gender":"Male","first_name":"employee","last_name":"","middle_name":"User","date_of_birth":"2025-01-29","date_of_joining":"2025-06-20","reports_to":""}', 'action': 'Save', 'cmd': 'frappe.desk.form.save.savedocs'}
2025-06-23 00:23:47,753 ERROR frappe New Exception collected in error log
Site: HRPU.localhost
Form Dict: {'cmd': 'hrms.api.employee.get_employees_names'}
2025-06-23 01:34:01,530 ERROR frappe New Exception collected in error log
Site: HRPU.localhost
Form Dict: {'doc': '{"name":"HR-EMP-00001","owner":"ba0936129@gmail.com","creation":"2025-02-09 06:19:32.913892","modified":"2025-04-25 00:25:45.219969","modified_by":"Administrator","docstatus":0,"idx":186,"employee":"HR-EMP-00001","naming_series":"HR-EMP-","first_name":"عبد  ","middle_name":"الرحمن","employee_name":"عبد   الرحمن","gender":"Male","date_of_birth":"2000-12-14","date_of_joining":"2025-02-09","image":null,"status":"Active","job_category":"اكاديمي","prefered_contact_email":"","date_of_retirement":"2060-12-14","create_user_permission":1,"company":"Al-Saeeda-University","department":"الطب - A","branch":"Sanna","grade":"درجة فئة المطورين","lft":7,"rgt":10,"is_group":0,"payroll_cost_center":"Main - A","doctype":"Employee","experience_table":[],"education_table":[],"_user_tags":",Collection","__last_sync_on":"2025-06-22T22:32:36.922Z","__unsaved":1,"user_id":"ab0936129@gmail.com"}', 'action': 'Save', 'cmd': 'frappe.desk.form.save.savedocs'}
2025-06-23 01:34:35,447 ERROR frappe New Exception collected in error log
Site: HRPU.localhost
Form Dict: {'doc': '{"name":"HR-EMP-00001","owner":"ba0936129@gmail.com","creation":"2025-02-09 06:19:32.913892","modified":"2025-04-25 00:25:45.219969","modified_by":"Administrator","docstatus":0,"idx":186,"employee":"HR-EMP-00001","naming_series":"HR-EMP-","first_name":"عبد  ","middle_name":"الرحمن","employee_name":"عبد   الرحمن","gender":"Male","date_of_birth":"2000-12-14","date_of_joining":"2025-02-09","image":null,"status":"Active","job_category":"اكاديمي","prefered_contact_email":"","date_of_retirement":"2060-12-14","create_user_permission":1,"company":"Al-Saeeda-University","department":"الطب - A","branch":"Sanna","grade":"درجة فئة المطورين","lft":7,"rgt":10,"is_group":0,"payroll_cost_center":"Main - A","doctype":"Employee","experience_table":[],"education_table":[],"_user_tags":",Collection","__last_sync_on":"2025-06-22T22:33:31.685Z","__unsaved":1,"user_id":"ab0936129@gmail.com"}', 'action': 'Save', 'cmd': 'frappe.desk.form.save.savedocs'}
2025-06-23 01:51:49,824 ERROR frappe New Exception collected in error log
Site: HRPU.localhost
Form Dict: {'usr': 'ba0936129@gmail.com'}
2025-06-23 01:52:02,751 ERROR frappe New Exception collected in error log
Site: HRPU.localhost
Form Dict: {'usr': 'ba0936129@gmail.com'}
2025-06-23 01:52:02,758 ERROR frappe New Exception collected in error log
Site: HRPU.localhost
Form Dict: {'usr': 'ba0936129@gmail.com'}
2025-06-23 01:52:03,744 ERROR frappe New Exception collected in error log
Site: HRPU.localhost
Form Dict: {'usr': 'ba0936129@gmail.com'}
2025-06-23 01:52:49,757 ERROR frappe New Exception collected in error log
Site: HRPU.localhost
Form Dict: {'usr': 'ba0936129@gmail.com'}
2025-06-23 01:52:50,759 ERROR frappe New Exception collected in error log
Site: HRPU.localhost
Form Dict: {'usr': 'ba0936129@gmail.com'}
2025-06-23 01:53:01,761 ERROR frappe New Exception collected in error log
Site: HRPU.localhost
Form Dict: {'usr': 'ba0936129@gmail.com'}
2025-06-23 01:53:03,761 ERROR frappe New Exception collected in error log
Site: HRPU.localhost
Form Dict: {'usr': 'ba0936129@gmail.com'}
2025-06-23 01:53:04,765 ERROR frappe New Exception collected in error log
Site: HRPU.localhost
Form Dict: {'usr': 'ba0936129@gmail.com'}
2025-06-23 01:53:12,766 ERROR frappe New Exception collected in error log
Site: HRPU.localhost
Form Dict: {'usr': 'ba0936129@gmail.com'}
2025-08-31 02:15:33,101 ERROR frappe New Exception collected in error log
Site: HRPU.localhost
Form Dict: {'report_name': 'department_report', 'filters': '{"department":"Security  - A"}', 'ignore_prepared_report': 'false', 'are_default_filters': 'false', 'cmd': 'frappe.desk.query_report.run'}
2025-08-31 02:55:37,468 ERROR frappe New Exception collected in error log
Site: HRPU.localhost
Form Dict: {'txt': '', 'doctype': 'gender', 'reference_doctype': '', 'page_length': '10', 'cmd': 'frappe.desk.search.search_link'}
2025-09-03 00:57:41,963 ERROR frappe New Exception collected in error log
Site: HRPU.localhost
Form Dict: {'employee': 'HR-EMP-00001', 'cmd': 'hrms.api.employee.get_salary_slip'}
2025-09-03 01:54:20,550 ERROR frappe New Exception collected in error log
Site: HRPU.localhost
Form Dict: {'cmd': 'hrms.api.employee.leave_request'}
2025-09-03 01:55:00,560 ERROR frappe New Exception collected in error log
Site: HRPU.localhost
Form Dict: {'cmd': 'hrms.api.employee.leave_request'}
2025-09-03 01:56:55,558 ERROR frappe New Exception collected in error log
Site: HRPU.localhost
Form Dict: {'cmd': 'hrms.api.employee.leave_request'}
2025-09-03 02:01:05,920 ERROR frappe Error while inserting deferred Error Log record: Error Log q6pao4ul0c: 'Title' (Object of type  with value of  is not JSON serializable) will get truncated, as max characters allowed is 140
Site: HRPU.localhost
Form Dict: {}
2025-09-03 02:01:05,927 ERROR frappe Error while inserting deferred Error Log record: Error Log 2ptqk11nco: 'Title' (Object of type  with value of  is not JSON serializable) will get truncated, as max characters allowed is 140
Site: HRPU.localhost
Form Dict: {}
2025-09-03 02:49:06,961 ERROR frappe New Exception collected in error log
Site: HRPU.localhost
Form Dict: {'doc': '{"name":"Administrator","owner":"Administrator","creation":"2025-02-09 07:57:26.334817","modified":"2025-09-02 00:28:32.862564","modified_by":"Administrator","docstatus":0,"idx":0,"enabled":1,"email":"ab0936129@gmail.com","first_name":"Administrator","full_name":"Administrator","username":"administrator","language":"ar","time_zone":"Asia/Aden","send_welcome_email":1,"unsubscribed":0,"user_image":"/files/bro4.jpg","mute_sounds":0,"desk_theme":"Automatic","search_bar":1,"notifications":1,"list_sidebar":1,"bulk_actions":1,"view_switcher":1,"form_sidebar":1,"timeline":1,"dashboard":1,"new_password":"","logout_all_sessions":1,"document_follow_notify":0,"document_follow_frequency":"Daily","follow_created_documents":0,"follow_commented_documents":0,"follow_liked_documents":0,"follow_assigned_documents":0,"follow_shared_documents":0,"thread_notify":0,"send_me_a_copy":0,"allowed_in_mentions":1,"simultaneous_sessions":2,"last_ip":"127.0.0.1","login_after":0,"user_type":"System User","last_active":"2025-09-03 02:47:11.599794","login_before":0,"bypass_restrict_ip_check_if_2fa_enabled":0,"last_login":"2025-09-03 01:37:51.067281","last_known_versions":"{\\"frappe\\": {\\"title\\": \\"Frappe Framework\\", \\"description\\": \\"Full stack web framework with Python, Javascript, MariaDB, Redis, Node\\", \\"branch\\": \\"version-15\\", \\"version\\": \\"15.55.2\\"}, \\"erpnext\\": {\\"title\\": \\"ERPNext\\", \\"description\\": \\"ERP made simple\\", \\"branch\\": \\"version-15\\", \\"version\\": \\"15.51.1\\"}, \\"hrms\\": {\\"title\\": \\"Frappe HR\\", \\"description\\": \\"Modern HR and Payroll Software\\", \\"branch\\": \\"develop\\", \\"version\\": \\"16.0.0-dev\\"}}","api_key":"6f9c7e5758dba82","api_secret":"***************","onboarding_status":"{}","doctype":"User","block_modules":[],"user_emails":[{"name":"93o7lm235e","owner":"Administrator","creation":"2025-02-09 07:57:26.334817","modified":"2025-09-01 23:38:05.940981","modified_by":"Administrator","docstatus":0,"idx":1,"email_account":"HR Administrator","email_id":"ab0936129@gmail.com","awaiting_password":0,"used_oauth":0,"enable_outgoing":0,"parent":"Administrator","parentfield":"user_emails","parenttype":"User","doctype":"User Email"}],"social_logins":[],"roles":[{"name":"7p2vurcspn","owner":"Administrator","creation":"2025-02-09 07:57:26.334817","modified":"2025-09-01 23:38:05.940981","modified_by":"Administrator","docstatus":0,"idx":1,"role":"Translator","parent":"Administrator","parentfield":"roles","parenttype":"User","doctype":"Has Role"},{"name":"fnsutia77u","owner":"Administrator","creation":"2025-02-09 07:57:26.334817","modified":"2025-09-01 23:38:05.940981","modified_by":"Administrator","docstatus":0,"idx":2,"role":"Maintenance User","parent":"Administrator","parentfield":"roles","parenttype":"User","doctype":"Has Role"},{"name":"k1lcl76ne3","owner":"Administrator","creation":"2025-02-09 07:57:26.334817","modified":"2025-09-01 23:38:05.940981","modified_by":"Administrator","docstatus":0,"idx":3,"role":"Purchase Master Manager","parent":"Administrator","parentfield":"roles","parenttype":"User","doctype":"Has Role"},{"name":"t9flqpu5k3","owner":"Administrator","creation":"2025-02-09 07:57:26.334817","modified":"2025-09-01 23:38:05.940981","modified_by":"Administrator","docstatus":0,"idx":4,"role":"Purchase Manager","parent":"Administrator","parentfield":"roles","parenttype":"User","doctype":"Has Role"},{"name":"elatb7618u","owner":"Administrator","creation":"2025-02-09 07:57:26.334817","modified":"2025-09-01 23:38:05.940981","modified_by":"Administrator","docstatus":0,"idx":5,"role":"Maintenance Manager","parent":"Administrator","parentfield":"roles","parenttype":"User","doctype":"Has Role"},{"name":"oq6u8nhj6g","owner":"Administrator","creation":"2025-02-09 07:57:26.334817","modified":"2025-09-01 23:38:05.940981","modified_by":"Administrator","docstatus":0,"idx":6,"role":"Accounts User","parent":"Administrator","parentfield":"roles","parenttype":"User","doctype":"Has Role"},{"name":"kk0vn2pu1h","owner":"Administrator","creation":"2025-02-09 07:57:26.334817","modified":"2025-09-01 23:38:05.940981","modified_by":"Administrator","docstatus":0,"idx":7,"role":"Accounts Manager","parent":"Administrator","parentfield":"roles","parenttype":"User","doctype":"Has Role"},{"name":"ihoimhdmoo","owner":"Administrator","creation":"2025-02-09 07:57:26.334817","modified":"2025-09-01 23:38:05.940981","modified_by":"Administrator","docstatus":0,"idx":8,"role":"Sales User","parent":"Administrator","parentfield":"roles","parenttype":"User","doctype":"Has Role"},{"name":"0p910pdd8s","owner":"Administrator","creation":"2025-02-09 07:57:26.334817","modified":"2025-09-01 23:38:05.940981","modified_by":"Administrator","docstatus":0,"idx":9,"role":"Newsletter Manager","parent":"Administrator","parentfield":"roles","parenttype":"User","doctype":"Has Role"},{"name":"p91eu7s2is","owner":"Administrator","creation":"2025-02-09 07:57:26.334817","modified":"2025-09-01 23:38:05.940981","modified_by":"Administrator","docstatus":0,"idx":10,"role":"Blogger","parent":"Administrator","parentfield":"roles","parenttype":"User","doctype":"Has Role"},{"name":"kbeoreh9ic","owner":"Administrator","creation":"2025-02-09 07:57:26.334817","modified":"2025-09-01 23:38:05.940981","modified_by":"Administrator","docstatus":0,"idx":11,"role":"Knowledge Base Contributor","parent":"Administrator","parentfield":"roles","parenttype":"User","doctype":"Has Role"},{"name":"1u1pc2pfgb","owner":"Administrator","creation":"2025-02-09 07:57:26.334817","modified":"2025-09-01 23:38:05.940981","modified_by":"Administrator","docstatus":0,"idx":12,"role":"Knowledge Base Editor","parent":"Administrator","parentfield":"roles","parenttype":"User","doctype":"Has Role"},{"name":"gjipdqs2dp","owner":"Administrator","creation":"2025-02-09 07:57:26.334817","modified":"2025-09-01 23:38:05.940981","modified_by":"Administrator","docstatus":0,"idx":13,"role":"Inbox User","parent":"Administrator","parentfield":"roles","parenttype":"User","doctype":"Has Role"},{"name":"r6umem68ol","owner":"Administrator","creation":"2025-02-09 07:57:26.334817","modified":"2025-09-01 23:38:05.940981","modified_by":"Administrator","docstatus":0,"idx":14,"role":"Prepared Report User","parent":"Administrator","parentfield":"roles","parenttype":"User","doctype":"Has Role"},{"name":"iuj5o4n1ff","owner":"Administrator","creation":"2025-02-09 07:57:26.334817","modified":"2025-09-01 23:38:05.940981","modified_by":"Administrator","docstatus":0,"idx":15,"role":"Script Manager","parent":"Administrator","parentfield":"roles","parenttype":"User","doctype":"Has Role"},{"name":"dakulb8j1g","owner":"Administrator","creation":"2025-02-09 07:57:26.334817","modified":"2025-09-01 23:38:05.940981","modified_by":"Administrator","docstatus":0,"idx":16,"role":"Report Manager","parent":"Administrator","parentfield":"roles","parenttype":"User","doctype":"Has Role"},{"name":"vqihfhmqq1","owner":"Administrator","creation":"2025-02-09 07:57:26.334817","modified":"2025-09-01 23:38:05.940981","modified_by":"Administrator","docstatus":0,"idx":17,"role":"Dashboard Manager","parent":"Administrator","parentfield":"roles","parenttype":"User","doctype":"Has Role"},{"name":"rd4ee724bs","owner":"Administrator","creation":"2025-02-09 07:57:26.334817","modified":"2025-09-01 23:38:05.940981","modified_by":"Administrator","docstatus":0,"idx":18,"role":"Website Manager","parent":"Administrator","parentfield":"roles","parenttype":"User","doctype":"Has Role"},{"name":"niat5vceq3","owner":"Administrator","creation":"2025-02-09 07:57:26.334817","modified":"2025-09-01 23:38:05.940981","modified_by":"Administrator","docstatus":0,"idx":19,"role":"System Manager","parent":"Administrator","parentfield":"roles","parenttype":"User","doctype":"Has Role"},{"name":"e9icvnpu2r","owner":"Administrator","creation":"2025-02-09 07:57:26.334817","modified":"2025-09-01 23:38:05.940981","modified_by":"Administrator","docstatus":0,"idx":20,"role":"Quality Manager","parent":"Administrator","parentfield":"roles","parenttype":"User","doctype":"Has Role"},{"name":"lt15c6bc42","owner":"Administrator","creation":"2025-02-09 07:57:26.334817","modified":"2025-09-01 23:38:05.940981","modified_by":"Administrator","docstatus":0,"idx":21,"role":"Auditor","parent":"Administrator","parentfield":"roles","parenttype":"User","doctype":"Has Role"},{"name":"o20g2gc569","owner":"Administrator","creation":"2025-02-09 07:57:26.334817","modified":"2025-09-01 23:38:05.940981","modified_by":"Administrator","docstatus":0,"idx":22,"role":"Manufacturing User","parent":"Administrator","parentfield":"roles","parenttype":"User","doctype":"Has Role"},{"name":"ah030c6c6v","owner":"Administrator","creation":"2025-02-09 07:57:26.334817","modified":"2025-09-01 23:38:05.940981","modified_by":"Administrator","docstatus":0,"idx":23,"role":"Delivery Manager","parent":"Administrator","parentfield":"roles","parenttype":"User","doctype":"Has Role"},{"name":"a5hjvp5gej","owner":"Administrator","creation":"2025-02-09 07:57:26.334817","modified":"2025-09-01 23:38:05.940981","modified_by":"Administrator","docstatus":0,"idx":24,"role":"Support Team","parent":"Administrator","parentfield":"roles","parenttype":"User","doctype":"Has Role"},{"name":"r6lg4vvt93","owner":"Administrator","creation":"2025-02-09 07:57:26.334817","modified":"2025-09-01 23:38:05.940981","modified_by":"Administrator","docstatus":0,"idx":25,"role":"Stock User","parent":"Administrator","parentfield":"roles","parenttype":"User","doctype":"Has Role"},{"name":"5bdaadnrl3","owner":"Administrator","creation":"2025-02-09 07:57:26.334817","modified":"2025-09-01 23:38:05.940981","modified_by":"Administrator","docstatus":0,"idx":26,"role":"Projects Manager","parent":"Administrator","parentfield":"roles","parenttype":"User","doctype":"Has Role"},{"name":"6ho6mn0qd1","owner":"Administrator","creation":"2025-02-09 07:57:26.334817","modified":"2025-09-01 23:38:05.940981","modified_by":"Administrator","docstatus":0,"idx":27,"role":"Fleet Manager","parent":"Administrator","parentfield":"roles","parenttype":"User","doctype":"Has Role"},{"name":"ts35p3v67q","owner":"Administrator","creation":"2025-02-09 07:57:26.334817","modified":"2025-09-01 23:38:05.940981","modified_by":"Administrator","docstatus":0,"idx":28,"role":"HR User","parent":"Administrator","parentfield":"roles","parenttype":"User","doctype":"Has Role"},{"name":"r42hvmdval","owner":"Administrator","creation":"2025-02-09 07:57:26.334817","modified":"2025-09-01 23:38:05.940981","modified_by":"Administrator","docstatus":0,"idx":29,"role":"Stock Manager","parent":"Administrator","parentfield":"roles","parenttype":"User","doctype":"Has Role"},{"name":"mo1aoime8n","owner":"Administrator","creation":"2025-02-09 07:57:26.334817","modified":"2025-09-01 23:38:05.940981","modified_by":"Administrator","docstatus":0,"idx":30,"role":"Manufacturing Manager","parent":"Administrator","parentfield":"roles","parenttype":"User","doctype":"Has Role"},{"name":"am2qbo2v0i","owner":"Administrator","creation":"2025-02-09 07:57:26.334817","modified":"2025-09-01 23:38:05.940981","modified_by":"Administrator","docstatus":0,"idx":31,"role":"Academics User","parent":"Administrator","parentfield":"roles","parenttype":"User","doctype":"Has Role"},{"name":"t4apivtoun","owner":"Administrator","creation":"2025-02-09 07:57:26.334817","modified":"2025-09-01 23:38:05.940981","modified_by":"Administrator","docstatus":0,"idx":32,"role":"Projects User","parent":"Administrator","parentfield":"roles","parenttype":"User","doctype":"Has Role"},{"name":"efu1osfke2","owner":"Administrator","creation":"2025-02-09 07:57:26.334817","modified":"2025-09-01 23:38:05.940981","modified_by":"Administrator","docstatus":0,"idx":33,"role":"HR Manager","parent":"Administrator","parentfield":"roles","parenttype":"User","doctype":"Has Role"},{"name":"vlm4d97bkn","owner":"Administrator","creation":"2025-02-09 07:57:26.334817","modified":"2025-09-01 23:38:05.940981","modified_by":"Administrator","docstatus":0,"idx":34,"role":"Agriculture User","parent":"Administrator","parentfield":"roles","parenttype":"User","doctype":"Has Role"},{"name":"rdpk2mfhdu","owner":"Administrator","creation":"2025-02-09 07:57:26.334817","modified":"2025-09-01 23:38:05.940981","modified_by":"Administrator","docstatus":0,"idx":35,"role":"Agriculture Manager","parent":"Administrator","parentfield":"roles","parenttype":"User","doctype":"Has Role"},{"name":"u245h14oai","owner":"Administrator","creation":"2025-02-09 07:57:26.334817","modified":"2025-09-01 23:38:05.940981","modified_by":"Administrator","docstatus":0,"idx":36,"role":"Fulfillment User","parent":"Administrator","parentfield":"roles","parenttype":"User","doctype":"Has Role"},{"name":"126lh91bqa","owner":"Administrator","creation":"2025-02-09 07:57:26.334817","modified":"2025-09-01 23:38:05.940981","modified_by":"Administrator","docstatus":0,"idx":37,"role":"Analytics","parent":"Administrator","parentfield":"roles","parenttype":"User","doctype":"Has Role"},{"name":"6nkj7t4q67","owner":"Administrator","creation":"2025-02-09 07:57:26.334817","modified":"2025-09-01 23:38:05.940981","modified_by":"Administrator","docstatus":0,"idx":38,"role":"Item Manager","parent":"Administrator","parentfield":"roles","parenttype":"User","doctype":"Has Role"},{"name":"v9d8f3sjfn","owner":"Administrator","creation":"2025-02-09 07:57:26.334817","modified":"2025-09-01 23:38:05.940981","modified_by":"Administrator","docstatus":0,"idx":39,"role":"Delivery User","parent":"Administrator","parentfield":"roles","parenttype":"User","doctype":"Has Role"}],"defaults":[],"__onload":{"all_modules":["Accounts","Assets","Automation","Bulk Transaction","Buying","CRM","Communication","Contacts","Core","Custom","Desk","EDI","ERPNext Integrations","Education","Educations App","Email","Geo","HR","Integrations","Maintenance","Manufacturing","Payroll","Portal","Printing","Projects","Quality Management","Regional","Selling","Setup","Social","Stock","Subcontracting","Support","Telephony","Utilities","Website","Workflow"]},"__last_sync_on":"2025-09-02T23:47:49.900Z","__unsaved":1}', 'action': 'Save', 'cmd': 'frappe.desk.form.save.savedocs'}
2025-09-05 01:52:40,213 ERROR frappe New Exception collected in error log
Site: HRPU.localhost
Form Dict: {}
2025-09-05 01:53:07,998 ERROR frappe New Exception collected in error log
Site: HRPU.localhost
Form Dict: {}
2025-09-05 01:53:28,974 ERROR frappe New Exception collected in error log
Site: HRPU.localhost
Form Dict: {}
2025-09-05 01:56:08,847 ERROR frappe New Exception collected in error log
Site: HRPU.localhost
Form Dict: {}
2025-09-05 01:59:03,296 ERROR frappe New Exception collected in error log
Site: HRPU.localhost
Form Dict: {}
2025-09-05 02:02:53,915 ERROR frappe New Exception collected in error log
Site: HRPU.localhost
Form Dict: {}
2025-09-05 02:05:01,975 ERROR frappe New Exception collected in error log
Site: HRPU.localhost
Form Dict: {}
2025-09-05 02:22:16,752 ERROR frappe New Exception collected in error log
Site: HRPU.localhost
Form Dict: {}
2025-09-05 02:22:16,830 ERROR frappe New Exception collected in error log
Site: HRPU.localhost
Form Dict: {}
2025-09-05 02:28:08,745 ERROR frappe New Exception collected in error log
Site: HRPU.localhost
Form Dict: {}
2025-09-05 02:28:24,857 ERROR frappe New Exception collected in error log
Site: HRPU.localhost
Form Dict: {}
