2025-11-28 03:45:58,859 ERROR scheduler Exception in Enqueue Events for Site HRP.localhost
Traceback (most recent call last):
  File "/home/macro/Frappe/frappe-bench/apps/frappe/frappe/utils/scheduler.py", line 80, in enqueue_events_for_site
    if is_scheduler_inactive():
  File "/home/macro/Frappe/frappe-bench/apps/frappe/frappe/utils/scheduler.py", line 124, in is_scheduler_inactive
    if is_scheduler_disabled(verbose=verbose):
  File "/home/macro/Frappe/frappe-bench/apps/frappe/frappe/utils/scheduler.py", line 137, in is_scheduler_disabled
    frappe.db.get_single_value("System Settings", "enable_scheduler")
  File "/home/macro/Frappe/frappe-bench/apps/frappe/frappe/database/database.py", line 837, in get_single_value
    ).run()
  File "/home/macro/Frappe/frappe-bench/apps/frappe/frappe/query_builder/utils.py", line 87, in execute_query
    result = frappe.db.sql(query, params, *args, **kwargs)  # nosemgrep
  File "/home/macro/Frappe/frappe-bench/apps/frappe/frappe/database/database.py", line 207, in sql
    self.connect()
  File "/home/macro/Frappe/frappe-bench/apps/frappe/frappe/database/database.py", line 112, in connect
    self._conn: "MariadbConnection" | "PostgresConnection" = self.get_connection()
  File "/home/macro/Frappe/frappe-bench/apps/frappe/frappe/database/mariadb/database.py", line 107, in get_connection
    conn = self._get_connection()
  File "/home/macro/Frappe/frappe-bench/apps/frappe/frappe/database/mariadb/database.py", line 113, in _get_connection
    return self.create_connection()
  File "/home/macro/Frappe/frappe-bench/apps/frappe/frappe/database/mariadb/database.py", line 116, in create_connection
    return pymysql.connect(**self.get_connection_settings())
  File "/home/macro/Frappe/frappe-bench/env/lib/python3.10/site-packages/pymysql/connections.py", line 361, in __init__
    self.connect()
  File "/home/macro/Frappe/frappe-bench/env/lib/python3.10/site-packages/pymysql/connections.py", line 669, in connect
    self._request_authentication()
  File "/home/macro/Frappe/frappe-bench/env/lib/python3.10/site-packages/pymysql/connections.py", line 957, in _request_authentication
    auth_packet = self._read_packet()
  File "/home/macro/Frappe/frappe-bench/env/lib/python3.10/site-packages/pymysql/connections.py", line 775, in _read_packet
    packet.raise_for_error()
  File "/home/macro/Frappe/frappe-bench/env/lib/python3.10/site-packages/pymysql/protocol.py", line 219, in raise_for_error
    err.raise_mysql_exception(self._data)
  File "/home/macro/Frappe/frappe-bench/env/lib/python3.10/site-packages/pymysql/err.py", line 150, in raise_mysql_exception
    raise errorclass(errno, errval)
pymysql.err.OperationalError: (1045, "Access denied for user '_3259b121be192e9f'@'localhost' (using password: YES)")
2025-11-28 03:46:59,057 ERROR scheduler Exception in Enqueue Events for Site HRP.localhost
Traceback (most recent call last):
  File "/home/macro/Frappe/frappe-bench/apps/frappe/frappe/utils/scheduler.py", line 80, in enqueue_events_for_site
    if is_scheduler_inactive():
  File "/home/macro/Frappe/frappe-bench/apps/frappe/frappe/utils/scheduler.py", line 124, in is_scheduler_inactive
    if is_scheduler_disabled(verbose=verbose):
  File "/home/macro/Frappe/frappe-bench/apps/frappe/frappe/utils/scheduler.py", line 137, in is_scheduler_disabled
    frappe.db.get_single_value("System Settings", "enable_scheduler")
  File "/home/macro/Frappe/frappe-bench/apps/frappe/frappe/database/database.py", line 837, in get_single_value
    ).run()
  File "/home/macro/Frappe/frappe-bench/apps/frappe/frappe/query_builder/utils.py", line 87, in execute_query
    result = frappe.db.sql(query, params, *args, **kwargs)  # nosemgrep
  File "/home/macro/Frappe/frappe-bench/apps/frappe/frappe/database/database.py", line 207, in sql
    self.connect()
  File "/home/macro/Frappe/frappe-bench/apps/frappe/frappe/database/database.py", line 112, in connect
    self._conn: "MariadbConnection" | "PostgresConnection" = self.get_connection()
  File "/home/macro/Frappe/frappe-bench/apps/frappe/frappe/database/mariadb/database.py", line 107, in get_connection
    conn = self._get_connection()
  File "/home/macro/Frappe/frappe-bench/apps/frappe/frappe/database/mariadb/database.py", line 113, in _get_connection
    return self.create_connection()
  File "/home/macro/Frappe/frappe-bench/apps/frappe/frappe/database/mariadb/database.py", line 116, in create_connection
    return pymysql.connect(**self.get_connection_settings())
  File "/home/macro/Frappe/frappe-bench/env/lib/python3.10/site-packages/pymysql/connections.py", line 361, in __init__
    self.connect()
  File "/home/macro/Frappe/frappe-bench/env/lib/python3.10/site-packages/pymysql/connections.py", line 669, in connect
    self._request_authentication()
  File "/home/macro/Frappe/frappe-bench/env/lib/python3.10/site-packages/pymysql/connections.py", line 957, in _request_authentication
    auth_packet = self._read_packet()
  File "/home/macro/Frappe/frappe-bench/env/lib/python3.10/site-packages/pymysql/connections.py", line 775, in _read_packet
    packet.raise_for_error()
  File "/home/macro/Frappe/frappe-bench/env/lib/python3.10/site-packages/pymysql/protocol.py", line 219, in raise_for_error
    err.raise_mysql_exception(self._data)
  File "/home/macro/Frappe/frappe-bench/env/lib/python3.10/site-packages/pymysql/err.py", line 150, in raise_mysql_exception
    raise errorclass(errno, errval)
pymysql.err.OperationalError: (1045, "Access denied for user '_3259b121be192e9f'@'localhost' (using password: YES)")
2025-11-28 03:47:59,121 ERROR scheduler Exception in Enqueue Events for Site HRP.localhost
Traceback (most recent call last):
  File "/home/macro/Frappe/frappe-bench/apps/frappe/frappe/utils/scheduler.py", line 80, in enqueue_events_for_site
    if is_scheduler_inactive():
  File "/home/macro/Frappe/frappe-bench/apps/frappe/frappe/utils/scheduler.py", line 124, in is_scheduler_inactive
    if is_scheduler_disabled(verbose=verbose):
  File "/home/macro/Frappe/frappe-bench/apps/frappe/frappe/utils/scheduler.py", line 137, in is_scheduler_disabled
    frappe.db.get_single_value("System Settings", "enable_scheduler")
  File "/home/macro/Frappe/frappe-bench/apps/frappe/frappe/database/database.py", line 837, in get_single_value
    ).run()
  File "/home/macro/Frappe/frappe-bench/apps/frappe/frappe/query_builder/utils.py", line 87, in execute_query
    result = frappe.db.sql(query, params, *args, **kwargs)  # nosemgrep
  File "/home/macro/Frappe/frappe-bench/apps/frappe/frappe/database/database.py", line 207, in sql
    self.connect()
  File "/home/macro/Frappe/frappe-bench/apps/frappe/frappe/database/database.py", line 112, in connect
    self._conn: "MariadbConnection" | "PostgresConnection" = self.get_connection()
  File "/home/macro/Frappe/frappe-bench/apps/frappe/frappe/database/mariadb/database.py", line 107, in get_connection
    conn = self._get_connection()
  File "/home/macro/Frappe/frappe-bench/apps/frappe/frappe/database/mariadb/database.py", line 113, in _get_connection
    return self.create_connection()
  File "/home/macro/Frappe/frappe-bench/apps/frappe/frappe/database/mariadb/database.py", line 116, in create_connection
    return pymysql.connect(**self.get_connection_settings())
  File "/home/macro/Frappe/frappe-bench/env/lib/python3.10/site-packages/pymysql/connections.py", line 361, in __init__
    self.connect()
  File "/home/macro/Frappe/frappe-bench/env/lib/python3.10/site-packages/pymysql/connections.py", line 669, in connect
    self._request_authentication()
  File "/home/macro/Frappe/frappe-bench/env/lib/python3.10/site-packages/pymysql/connections.py", line 957, in _request_authentication
    auth_packet = self._read_packet()
  File "/home/macro/Frappe/frappe-bench/env/lib/python3.10/site-packages/pymysql/connections.py", line 775, in _read_packet
    packet.raise_for_error()
  File "/home/macro/Frappe/frappe-bench/env/lib/python3.10/site-packages/pymysql/protocol.py", line 219, in raise_for_error
    err.raise_mysql_exception(self._data)
  File "/home/macro/Frappe/frappe-bench/env/lib/python3.10/site-packages/pymysql/err.py", line 150, in raise_mysql_exception
    raise errorclass(errno, errval)
pymysql.err.OperationalError: (1045, "Access denied for user '_3259b121be192e9f'@'localhost' (using password: YES)")
2025-11-28 03:48:59,368 ERROR scheduler Exception in Enqueue Events for Site HRP.localhost
Traceback (most recent call last):
  File "/home/macro/Frappe/frappe-bench/apps/frappe/frappe/utils/scheduler.py", line 80, in enqueue_events_for_site
    if is_scheduler_inactive():
  File "/home/macro/Frappe/frappe-bench/apps/frappe/frappe/utils/scheduler.py", line 124, in is_scheduler_inactive
    if is_scheduler_disabled(verbose=verbose):
  File "/home/macro/Frappe/frappe-bench/apps/frappe/frappe/utils/scheduler.py", line 137, in is_scheduler_disabled
    frappe.db.get_single_value("System Settings", "enable_scheduler")
  File "/home/macro/Frappe/frappe-bench/apps/frappe/frappe/database/database.py", line 837, in get_single_value
    ).run()
  File "/home/macro/Frappe/frappe-bench/apps/frappe/frappe/query_builder/utils.py", line 87, in execute_query
    result = frappe.db.sql(query, params, *args, **kwargs)  # nosemgrep
  File "/home/macro/Frappe/frappe-bench/apps/frappe/frappe/database/database.py", line 207, in sql
    self.connect()
  File "/home/macro/Frappe/frappe-bench/apps/frappe/frappe/database/database.py", line 112, in connect
    self._conn: "MariadbConnection" | "PostgresConnection" = self.get_connection()
  File "/home/macro/Frappe/frappe-bench/apps/frappe/frappe/database/mariadb/database.py", line 107, in get_connection
    conn = self._get_connection()
  File "/home/macro/Frappe/frappe-bench/apps/frappe/frappe/database/mariadb/database.py", line 113, in _get_connection
    return self.create_connection()
  File "/home/macro/Frappe/frappe-bench/apps/frappe/frappe/database/mariadb/database.py", line 116, in create_connection
    return pymysql.connect(**self.get_connection_settings())
  File "/home/macro/Frappe/frappe-bench/env/lib/python3.10/site-packages/pymysql/connections.py", line 361, in __init__
    self.connect()
  File "/home/macro/Frappe/frappe-bench/env/lib/python3.10/site-packages/pymysql/connections.py", line 669, in connect
    self._request_authentication()
  File "/home/macro/Frappe/frappe-bench/env/lib/python3.10/site-packages/pymysql/connections.py", line 957, in _request_authentication
    auth_packet = self._read_packet()
  File "/home/macro/Frappe/frappe-bench/env/lib/python3.10/site-packages/pymysql/connections.py", line 775, in _read_packet
    packet.raise_for_error()
  File "/home/macro/Frappe/frappe-bench/env/lib/python3.10/site-packages/pymysql/protocol.py", line 219, in raise_for_error
    err.raise_mysql_exception(self._data)
  File "/home/macro/Frappe/frappe-bench/env/lib/python3.10/site-packages/pymysql/err.py", line 150, in raise_mysql_exception
    raise errorclass(errno, errval)
pymysql.err.OperationalError: (1045, "Access denied for user '_3259b121be192e9f'@'localhost' (using password: YES)")
2025-11-28 03:49:59,725 ERROR scheduler Exception in Enqueue Events for Site HRP.localhost
Traceback (most recent call last):
  File "/home/macro/Frappe/frappe-bench/apps/frappe/frappe/utils/scheduler.py", line 80, in enqueue_events_for_site
    if is_scheduler_inactive():
  File "/home/macro/Frappe/frappe-bench/apps/frappe/frappe/utils/scheduler.py", line 124, in is_scheduler_inactive
    if is_scheduler_disabled(verbose=verbose):
  File "/home/macro/Frappe/frappe-bench/apps/frappe/frappe/utils/scheduler.py", line 137, in is_scheduler_disabled
    frappe.db.get_single_value("System Settings", "enable_scheduler")
  File "/home/macro/Frappe/frappe-bench/apps/frappe/frappe/database/database.py", line 837, in get_single_value
    ).run()
  File "/home/macro/Frappe/frappe-bench/apps/frappe/frappe/query_builder/utils.py", line 87, in execute_query
    result = frappe.db.sql(query, params, *args, **kwargs)  # nosemgrep
  File "/home/macro/Frappe/frappe-bench/apps/frappe/frappe/database/database.py", line 207, in sql
    self.connect()
  File "/home/macro/Frappe/frappe-bench/apps/frappe/frappe/database/database.py", line 112, in connect
    self._conn: "MariadbConnection" | "PostgresConnection" = self.get_connection()
  File "/home/macro/Frappe/frappe-bench/apps/frappe/frappe/database/mariadb/database.py", line 107, in get_connection
    conn = self._get_connection()
  File "/home/macro/Frappe/frappe-bench/apps/frappe/frappe/database/mariadb/database.py", line 113, in _get_connection
    return self.create_connection()
  File "/home/macro/Frappe/frappe-bench/apps/frappe/frappe/database/mariadb/database.py", line 116, in create_connection
    return pymysql.connect(**self.get_connection_settings())
  File "/home/macro/Frappe/frappe-bench/env/lib/python3.10/site-packages/pymysql/connections.py", line 361, in __init__
    self.connect()
  File "/home/macro/Frappe/frappe-bench/env/lib/python3.10/site-packages/pymysql/connections.py", line 669, in connect
    self._request_authentication()
  File "/home/macro/Frappe/frappe-bench/env/lib/python3.10/site-packages/pymysql/connections.py", line 957, in _request_authentication
    auth_packet = self._read_packet()
  File "/home/macro/Frappe/frappe-bench/env/lib/python3.10/site-packages/pymysql/connections.py", line 775, in _read_packet
    packet.raise_for_error()
  File "/home/macro/Frappe/frappe-bench/env/lib/python3.10/site-packages/pymysql/protocol.py", line 219, in raise_for_error
    err.raise_mysql_exception(self._data)
  File "/home/macro/Frappe/frappe-bench/env/lib/python3.10/site-packages/pymysql/err.py", line 150, in raise_mysql_exception
    raise errorclass(errno, errval)
pymysql.err.OperationalError: (1045, "Access denied for user '_3259b121be192e9f'@'localhost' (using password: YES)")
